// Jest Snapshot v1, https://goo.gl/fbAQLP

exports[`renders correctly 1`] = `
<RCTSafeAreaView
  emulateUnlessSupported={true}
>
  <Text>
    Sobyte - Entry Point
  </Text>
</RCTSafeAreaView>
`;
